// Jest Snapshot v1, https://goo.gl/fbAQLP

exports[`Accordion should render properly with items 1`] = `
<DocumentFragment>
  <div
    class="accordion"
    role="tablist"
  >
    <div
      aria-expanded="false"
      class="panel"
      role="tabpanel"
    >
      <button
        class="panel__head"
        role="tab"
      >
        <h2>
          12-10-2018 - Lorem ipsum
        </h2>
      </button>
      <div
        aria-hidden="true"
        class="panel__body"
        style="height: 0px;"
      >
        <div
          class="panel__content"
        >
          <p>
            Lorem ipsum, dolor sit amet consectetur adipisicing elit. Ratione sint voluptatum sed suscipit fugit tempore quidem aliquid doloremque quibusdam ea.
          </p>
        </div>
      </div>
    </div>
    <div
      aria-expanded="true"
      class="panel"
      role="tabpanel"
    >
      <button
        class="panel__head"
        role="tab"
      >
        <h2>
          13-10-2018 - Dolor sit amet
        </h2>
      </button>
      <div
        aria-hidden="false"
        class="panel__body"
        style="height: 0px;"
      >
        <div
          class="panel__content"
        >
          <p>
            Lorem ipsum, dolor sit amet consectetur adipisicing elit. Ratione sint voluptatum sed suscipit fugit tempore quidem aliquid doloremque quibusdam ea.
          </p>
          <p>
            Lorem ipsum, dolor sit amet consectetur adipisicing elit. Ratione sint voluptatum sed suscipit fugit tempore quidem aliquid doloremque quibusdam ea.
          </p>
        </div>
      </div>
    </div>
    <div
      aria-expanded="true"
      class="panel"
      role="tabpanel"
    >
      <button
        class="panel__head"
        role="tab"
      >
        <h2>
          13-10-2018 - Consectetur adipisicing
        </h2>
      </button>
      <div
        aria-hidden="false"
        class="panel__body"
        style="height: 0px;"
      >
        <div
          class="panel__content"
        >
          <p>
            Lorem ipsum, dolor sit amet consectetur adipisicing elit. Ratione sint voluptatum sed suscipit fugit tempore quidem aliquid doloremque quibusdam ea.
          </p>
        </div>
      </div>
    </div>
  </div>
</DocumentFragment>
`;

exports[`Accordion should render properly without items 1`] = `<DocumentFragment />`;
